
> smart-home-affiliate@0.1.0 build
> next build

Γû▓ Next.js 16.2.6 (Turbopack)
- Environments: .env.local

  Creating an optimized production build ...
node.exe : Turbopack build encountered 1 warnings:
At line:1 char:1
+ & "C:\Program Files\nodejs/node.exe" "C:\Users\mhmun\AppData\Roaming\ ...
+ ~~~~~~~~~~~~~~~~~~~~~~~~~~~~~~~~~~~~~~~~~~~~~~~~~~~~~~~~~~~~~~~~~~~~~
    + CategoryInfo          : NotSpecified: (Turbopack build encountered 1 war 
   nings::String) [], RemoteException
    + FullyQualifiedErrorId : NativeCommandError
 
./lib/storage.js:7:50
Module not found: Can't resolve '@aws-sdk/client-s3'
  [90m 5 |[0m
  [90m 6 |[0m   [36mtry[0m {
[31m[1m>[0m [90m 7 |[0m     [36mconst[0m { [33mS3Client[0m, 
[33mPutObjectCommand[0m } = [36mawait[0m 
[36mimport[0m([32m"@aws-sdk/client-s3"[0m);
  [90m   |[0m                                                  
[31m[1m^^^^^^^^^^^^^^^^^^^^^^^^^^^^[0m
  [90m 8 |[0m
  [90m 9 |[0m     [36mconst[0m client = [36mnew[0m [33mS3Client[0m({
  [90m10 |[0m       region: process.env.[33mS3_REGION[0m,



Import trace:
  App Route:
    ./lib/storage.js
    ./app/api/settings/route.js

https://nextjs.org/docs/messages/module-not-found


Γ£ô Compiled successfully in 12.9s
  Running TypeScript ...
  Finished TypeScript in 8.8s ...
  Collecting page data using 3 workers ...
  Generating static pages using 3 workers (0/36) ...
  Generating static pages using 3 workers (9/36) 
MongoDB Connected with optimized pooling
MongoDB Connected with optimized pooling
  Generating static pages using 3 workers (18/36) 
MongoDB Connected with optimized pooling
MongoDB Connected with optimized pooling
  Generating static pages using 3 workers (27/36) 
Γ£ô Generating static pages using 3 workers (36/36) in 3.9s
  Finalizing page optimization ...

Route (app)
Γöî Γùï /
Γö£ Γùï /_not-found
Γö£ ╞Æ /[...slug]
Γö£ Γùï /about
Γö£ ╞Æ /admin
Γö£ ╞Æ /admin/add-blog
Γö£ ╞Æ /admin/add-product
Γö£ ╞Æ /admin/adsense-debug
Γö£ ╞Æ /admin/analytics
Γö£ ╞Æ /admin/blogs
Γö£ ╞Æ /admin/hero-slider
Γö£ ╞Æ /admin/login
Γö£ ╞Æ /admin/products
Γö£ ╞Æ /admin/settings
Γö£ Γùï /affiliate-disclosure
Γö£ ╞Æ /api/admin/stats
Γö£ ╞Æ /api/affiliate-stats
Γö£ ╞Æ /api/auth/callback/google
Γö£ ╞Æ /api/auth/google/callback
Γö£ ╞Æ /api/auth/google/start
Γö£ ╞Æ /api/auth/login
Γö£ ╞Æ /api/auth/logout
Γö£ ╞Æ /api/blogs
Γö£ ╞Æ /api/blogs/[id]
Γö£ ╞Æ /api/blogs/[id]/delete
Γö£ ╞Æ /api/hero-slides
Γö£ ╞Æ /api/hero-slides/[id]
Γö£ ╞Æ /api/products
Γö£ ╞Æ /api/products/[id]
Γö£ ╞Æ /api/products/[id]/delete
Γö£ ╞Æ /api/settings
Γö£ ╞Æ /api/track-conversion
Γö£ Γùï /author
Γö£ Γùï /best-deals
Γö£ Γùï /blog
Γö£ ΓùÅ /blog/[slug]
Γö£ ΓùÅ /category/[category]
Γö£ Γùï /contact
Γö£ Γùï /cookie-policy
Γö£ Γùï /disclaimer
Γö£ Γùï /guides
Γö£ Γùï /privacy-policy
Γö£ ╞Æ /products/[slug]
Γö£ Γùï /review
Γö£ Γùï /robots.txt
Γö£ ╞Æ /sitemap.xml
Γöö Γùï /terms


╞Æ Proxy (Middleware)

Γùï  (Static)   prerendered as static content
ΓùÅ  (SSG)      prerendered as static HTML (uses generateStaticParams)
╞Æ  (Dynamic)  server-rendered on demand

